Archive member included because of file (symbol)

c:/program files (x86)/atmel/atmel toolchain/avr8 gcc/native/3.4.1061/avr8-gnu-toolchain/bin/../lib/gcc/avr/4.8.1/avr35\libgcc.a(_exit.o)
                              c:/program files (x86)/atmel/atmel toolchain/avr8 gcc/native/3.4.1061/avr8-gnu-toolchain/bin/../lib/gcc/avr/4.8.1/../../../../avr/lib/avr35/crtusb162.o (exit)
c:/program files (x86)/atmel/atmel toolchain/avr8 gcc/native/3.4.1061/avr8-gnu-toolchain/bin/../lib/gcc/avr/4.8.1/avr35\libgcc.a(_tablejump.o)
                              LUFA/Drivers/USB/Class/Common/HIDParser.o (__tablejump2__)
c:/program files (x86)/atmel/atmel toolchain/avr8 gcc/native/3.4.1061/avr8-gnu-toolchain/bin/../lib/gcc/avr/4.8.1/avr35\libgcc.a(_copy_data.o)
                              CentralController.o (__do_copy_data)
c:/program files (x86)/atmel/atmel toolchain/avr8 gcc/native/3.4.1061/avr8-gnu-toolchain/bin/../lib/gcc/avr/4.8.1/avr35\libgcc.a(_clear_bss.o)
                              CentralController.o (__do_clear_bss)
c:/program files (x86)/atmel/atmel toolchain/avr8 gcc/native/3.4.1061/avr8-gnu-toolchain/bin/../lib/gcc/avr/4.8.1/../../../../avr/lib/avr35\libc.a(memcpy_P.o)
                              LUFA/Drivers/USB/Class/Device/RNDISClassDevice.o (memcpy_P)
c:/program files (x86)/atmel/atmel toolchain/avr8 gcc/native/3.4.1061/avr8-gnu-toolchain/bin/../lib/gcc/avr/4.8.1/../../../../avr/lib/avr35\libc.a(memcmp.o)
                              LUFA/Drivers/USB/Class/Device/HIDClassDevice.o (memcmp)
c:/program files (x86)/atmel/atmel toolchain/avr8 gcc/native/3.4.1061/avr8-gnu-toolchain/bin/../lib/gcc/avr/4.8.1/../../../../avr/lib/avr35\libc.a(memcpy.o)
                              LUFA/Drivers/USB/Class/Device/HIDClassDevice.o (memcpy)
c:/program files (x86)/atmel/atmel toolchain/avr8 gcc/native/3.4.1061/avr8-gnu-toolchain/bin/../lib/gcc/avr/4.8.1/../../../../avr/lib/avr35\libc.a(memset.o)
                              LUFA/Drivers/USB/Class/Device/HIDClassDevice.o (memset)
c:/program files (x86)/atmel/atmel toolchain/avr8 gcc/native/3.4.1061/avr8-gnu-toolchain/bin/../lib/gcc/avr/4.8.1/../../../../avr/lib/avr35\libc.a(printf.o)
                              Wireless/nrf24l01.o (printf)
c:/program files (x86)/atmel/atmel toolchain/avr8 gcc/native/3.4.1061/avr8-gnu-toolchain/bin/../lib/gcc/avr/4.8.1/../../../../avr/lib/avr35\libc.a(putchar.o)
                              Wireless/nrf24l01.o (putchar)
c:/program files (x86)/atmel/atmel toolchain/avr8 gcc/native/3.4.1061/avr8-gnu-toolchain/bin/../lib/gcc/avr/4.8.1/../../../../avr/lib/avr35\libc.a(puts.o)
                              Wireless/nrf24l01.o (puts)
c:/program files (x86)/atmel/atmel toolchain/avr8 gcc/native/3.4.1061/avr8-gnu-toolchain/bin/../lib/gcc/avr/4.8.1/../../../../avr/lib/avr35\libc.a(vfprintf_std.o)
                              c:/program files (x86)/atmel/atmel toolchain/avr8 gcc/native/3.4.1061/avr8-gnu-toolchain/bin/../lib/gcc/avr/4.8.1/../../../../avr/lib/avr35\libc.a(printf.o) (vfprintf)
c:/program files (x86)/atmel/atmel toolchain/avr8 gcc/native/3.4.1061/avr8-gnu-toolchain/bin/../lib/gcc/avr/4.8.1/../../../../avr/lib/avr35\libc.a(eerd_byte_at90usb162.o)
                              LUFA/Drivers/USB/Core/AVR8/EndpointStream_AVR8.o (__eerd_byte_usb162)
c:/program files (x86)/atmel/atmel toolchain/avr8 gcc/native/3.4.1061/avr8-gnu-toolchain/bin/../lib/gcc/avr/4.8.1/../../../../avr/lib/avr35\libc.a(eeupd_byte_at90usb162.o)
                              LUFA/Drivers/USB/Core/AVR8/EndpointStream_AVR8.o (__eeupd_byte_usb162)
c:/program files (x86)/atmel/atmel toolchain/avr8 gcc/native/3.4.1061/avr8-gnu-toolchain/bin/../lib/gcc/avr/4.8.1/../../../../avr/lib/avr35\libc.a(strnlen_P.o)
                              c:/program files (x86)/atmel/atmel toolchain/avr8 gcc/native/3.4.1061/avr8-gnu-toolchain/bin/../lib/gcc/avr/4.8.1/../../../../avr/lib/avr35\libc.a(vfprintf_std.o) (strnlen_P)
c:/program files (x86)/atmel/atmel toolchain/avr8 gcc/native/3.4.1061/avr8-gnu-toolchain/bin/../lib/gcc/avr/4.8.1/../../../../avr/lib/avr35\libc.a(strnlen.o)
                              c:/program files (x86)/atmel/atmel toolchain/avr8 gcc/native/3.4.1061/avr8-gnu-toolchain/bin/../lib/gcc/avr/4.8.1/../../../../avr/lib/avr35\libc.a(vfprintf_std.o) (strnlen)
c:/program files (x86)/atmel/atmel toolchain/avr8 gcc/native/3.4.1061/avr8-gnu-toolchain/bin/../lib/gcc/avr/4.8.1/../../../../avr/lib/avr35\libc.a(fputc.o)
                              c:/program files (x86)/atmel/atmel toolchain/avr8 gcc/native/3.4.1061/avr8-gnu-toolchain/bin/../lib/gcc/avr/4.8.1/../../../../avr/lib/avr35\libc.a(putchar.o) (fputc)
c:/program files (x86)/atmel/atmel toolchain/avr8 gcc/native/3.4.1061/avr8-gnu-toolchain/bin/../lib/gcc/avr/4.8.1/../../../../avr/lib/avr35\libc.a(iob.o)
[...]
Memory Configuration

Name             Origin             Length             Attributes
text             0x00000000         0x00010000         xr
data             0x00800060         0x0000ffa0         rw !x
eeprom           0x00810000         0x00010000         rw !x
fuse             0x00820000         0x00000400         rw !x
lock             0x00830000         0x00000400         rw !x
signature        0x00840000         0x00000400         rw !x
user_signatures  0x00850000         0x00000400         rw !x
*default*        0x00000000         0xffffffff

Linker script and memory map

Address of section .data set to 0x800100
LOAD c:/program files (x86)/atmel/atmel toolchain/avr8 gcc/native/3.4.1061/avr8-gnu-toolchain/bin/../lib/gcc/avr/4.8.1/../../../../avr/lib/avr35/crtusb162.o
LOAD CentralController.o
LOAD Descriptors.o
LOAD LUFA/Drivers/USB/Class/Common/HIDParser.o
LOAD LUFA/Drivers/USB/Class/Device/AudioClassDevice.o
LOAD LUFA/Drivers/USB/Class/Device/CDCClassDevice.o
LOAD LUFA/Drivers/USB/Class/Device/HIDClassDevice.o
LOAD LUFA/Drivers/USB/Class/Device/MassStorageClassDevice.o
LOAD LUFA/Drivers/USB/Class/Device/MIDIClassDevice.o
LOAD LUFA/Drivers/USB/Class/Device/PrinterClassDevice.o
LOAD LUFA/Drivers/USB/Class/Device/RNDISClassDevice.o
LOAD LUFA/Drivers/USB/Class/Host/AndroidAccessoryClassHost.o
LOAD LUFA/Drivers/USB/Class/Host/AudioClassHost.o
LOAD LUFA/Drivers/USB/Class/Host/CDCClassHost.o
LOAD LUFA/Drivers/USB/Class/Host/HIDClassHost.o
LOAD LUFA/Drivers/USB/Class/Host/MassStorageClassHost.o
LOAD LUFA/Drivers/USB/Class/Host/MIDIClassHost.o
LOAD LUFA/Drivers/USB/Class/Host/PrinterClassHost.o
LOAD LUFA/Drivers/USB/Class/Host/RNDISClassHost.o
LOAD LUFA/Drivers/USB/Class/Host/StillImageClassHost.o
LOAD LUFA/Drivers/USB/Core/AVR8/Device_AVR8.o
LOAD LUFA/Drivers/USB/Core/AVR8/EndpointStream_AVR8.o
LOAD LUFA/Drivers/USB/Core/AVR8/Endpoint_AVR8.o
LOAD LUFA/Drivers/USB/Core/AVR8/Host_AVR8.o
LOAD LUFA/Drivers/USB/Core/AVR8/PipeStream_AVR8.o
LOAD LUFA/Drivers/USB/Core/AVR8/Pipe_AVR8.o
LOAD LUFA/Drivers/USB/Core/AVR8/Template/Template_Endpoint_Control_R.o
LOAD LUFA/Drivers/USB/Core/AVR8/Template/Template_Endpoint_Control_W.o
LOAD LUFA/Drivers/USB/Core/AVR8/Template/Template_Endpoint_RW.o
LOAD LUFA/Drivers/USB/Core/AVR8/Template/Template_Pipe_RW.o
LOAD LUFA/Drivers/USB/Core/AVR8/USBController_AVR8.o
LOAD LUFA/Drivers/USB/Core/AVR8/USBInterrupt_AVR8.o
LOAD LUFA/Drivers/USB/Core/ConfigDescriptors.o
LOAD LUFA/Drivers/USB/Core/DeviceStandardReq.o
LOAD LUFA/Drivers/USB/Core/Events.o
LOAD LUFA/Drivers/USB/Core/HostStandardReq.o
LOAD LUFA/Drivers/USB/Core/USBTask.o
LOAD Wireless/nrf24l01.o
LOAD Wireless/spi.o
START GROUP
LOAD c:/program files (x86)/atmel/atmel toolchain/avr8 gcc/native/3.4.1061/avr8-gnu-toolchain/bin/../lib/gcc/avr/4.8.1/../../../../avr/lib/avr35\libm.a
END GROUP
START GROUP
LOAD c:/program files (x86)/atmel/atmel toolchain/avr8 gcc/native/3.4.1061/avr8-gnu-toolchain/bin/../lib/gcc/avr/4.8.1/avr35\libgcc.a
LOAD c:/program files (x86)/atmel/atmel toolchain/avr8 gcc/native/3.4.1061/avr8-gnu-toolchain/bin/../lib/gcc/avr/4.8.1/../../../../avr/lib/avr35\libm.a
LOAD c:/program files (x86)/atmel/atmel toolchain/avr8 gcc/native/3.4.1061/avr8-gnu-toolchain/bin/../lib/gcc/avr/4.8.1/../../../../avr/lib/avr35\libc.a
END GROUP

.hash
 *(.hash)

.dynsym
 *(.dynsym)

.dynstr
 *(.dynstr)

.gnu.version
 *(.gnu.version)

.gnu.version_d
 *(.gnu.version_d)

.gnu.version_r
 *(.gnu.version_r)

.rel.init
 *(.rel.init)

.rela.init
 *(.rela.init)

.rel.text
 *(.rel.text)
 *(.rel.text.*)
 *(.rel.gnu.linkonce.t*)

.rela.text
 *(.rela.text)
 *(.rela.text.*)
 *(.rela.gnu.linkonce.t*)

.rel.fini
 *(.rel.fini)

.rela.fini
 *(.rela.fini)

.rel.rodata
 *(.rel.rodata)
 *(.rel.rodata.*)
 *(.rel.gnu.linkonce.r*)

.rela.rodata
 *(.rela.rodata)
 *(.rela.rodata.*)
 *(.rela.gnu.linkonce.r*)

.rel.data
 *(.rel.data)
 *(.rel.data.*)
 *(.rel.gnu.linkonce.d*)

.rela.data
 *(.rela.data)
 *(.rela.data.*)
 *(.rela.gnu.linkonce.d*)

.rel.ctors
 *(.rel.ctors)

.rela.ctors
 *(.rela.ctors)

.rel.dtors
 *(.rel.dtors)

.rela.dtors
 *(.rela.dtors)

.rel.got
 *(.rel.got)

.rela.got
 *(.rela.got)

.rel.bss
 *(.rel.bss)

.rela.bss
 *(.rela.bss)

.rel.plt
 *(.rel.plt)

.rela.plt
 *(.rela.plt)

.text           0x00000000     0x1746
 *(.vectors)
 .vectors       0x00000000       0x74 c:/program files (x86)/atmel/atmel toolchain/avr8 gcc/native/3.4.1061/avr8-gnu-toolchain/bin/../lib/gcc/avr/4.8.1/../../../../avr/lib/avr35/crtusb162.o
                0x00000000                __vector_default
                0x00000000                __vectors
 *(.vectors)
 *(.progmem.gcc*)
 .progmem.gcc_sw_table.USB_Device_ProcessControlRequest
                0x00000074       0x14 LUFA/Drivers/USB/Core/DeviceStandardReq.o
                0x00000088                . = ALIGN (0x2)
                0x00000088                __trampolines_start = .
 *(.trampolines)
 .trampolines   0x00000088        0x0 linker stubs
 *(.trampolines*)
                0x00000088                __trampolines_end = .
 *(.progmem*)
 .progmem.data.ProductString
                0x00000088       0x30 Descriptors.o
                0x00000088                ProductString
 .progmem.data.ManufacturerString
                0x000000b8       0x1a Descriptors.o
                0x000000b8                ManufacturerString
 .progmem.data.LanguageString
                0x000000d2        0x4 Descriptors.o
                0x000000d2                LanguageString
 .progmem.data.ConfigurationDescriptor
                0x000000d6       0x3e Descriptors.o
                0x000000d6                ConfigurationDescriptor
 .progmem.data.DeviceDescriptor
                0x00000114       0x12 Descriptors.o
                0x00000114                DeviceDescriptor
                0x00000126                . = ALIGN (0x2)
 *(.jumptables)
 *(.jumptables*)
 *(.lowtext)
 *(.lowtext*)
                0x00000126                __ctors_start = .
 *(.ctors)
                0x00000126                __ctors_end = .
                0x00000126                __dtors_start = .
 *(.dtors)
                0x00000126                __dtors_end = .
 SORT(*)(.ctors)
 SORT(*)(.dtors)
 *(.init0)
 .init0         0x00000126        0x0 c:/program files (x86)/atmel/atmel toolchain/avr8 gcc/native/3.4.1061/avr8-gnu-toolchain/bin/../lib/gcc/avr/4.8.1/../../../../avr/lib/avr35/crtusb162.o
                0x00000126                __init
 *(.init0)
 *(.init1)
 *(.init1)
 *(.init2)
 .init2         0x00000126        0xc c:/program files (x86)/atmel/atmel toolchain/avr8 gcc/native/3.4.1061/avr8-gnu-toolchain/bin/../lib/gcc/avr/4.8.1/../../../../avr/lib/avr35/crtusb162.o
 *(.init2)
 *(.init3)
 *(.init3)
 *(.init4)
 .init4         0x00000132       0x16 c:/program files (x86)/atmel/atmel toolchain/avr8 gcc/native/3.4.1061/avr8-gnu-toolchain/bin/../lib/gcc/avr/4.8.1/avr35\libgcc.a(_copy_data.o)
                0x00000132                __do_copy_data
 .init4         0x00000148       0x10 c:/program files (x86)/atmel/atmel toolchain/avr8 gcc/native/3.4.1061/avr8-gnu-toolchain/bin/../lib/gcc/avr/4.8.1/avr35\libgcc.a(_clear_bss.o)
                0x00000148                __do_clear_bss
 *(.init4)
 *(.init5)
 *(.init5)
 *(.init6)
 *(.init6)
 *(.init7)
 *(.init7)
 *(.init8)
 *(.init8)
 *(.init9)
 .init9         0x00000158        0x8 c:/program files (x86)/atmel/atmel toolchain/avr8 gcc/native/3.4.1061/avr8-gnu-toolchain/bin/../lib/gcc/avr/4.8.1/../../../../avr/lib/avr35/crtusb162.o
 *(.init9)
 *(.text)
 .text          0x00000160        0x4 c:/program files (x86)/atmel/atmel toolchain/avr8 gcc/native/3.4.1061/avr8-gnu-toolchain/bin/../lib/gcc/avr/4.8.1/../../../../avr/lib/avr35/crtusb162.o
                0x00000160                __vector_22
                0x00000160                __vector_28
                0x00000160                __vector_1
                0x00000160                __vector_24
                0x00000160                __vector_12
                0x00000160                __bad_interrupt
                0x00000160                __vector_6
                0x00000160                __vector_3
                0x00000160                __vector_23
                0x00000160                __vector_25
                0x00000160                __vector_13
                0x00000160                __vector_17
                0x00000160                __vector_19
                0x00000160                __vector_7
                0x00000160                __vector_27
                0x00000160                __vector_5
                0x00000160                __vector_4
                0x00000160                __vector_9
                0x00000160                __vector_2
                0x00000160                __vector_21
                0x00000160                __vector_15
                0x00000160                __vector_8
                0x00000160                __vector_26
                0x00000160                __vector_14
                0x00000160                __vector_10
                0x00000160                __vector_16
                0x00000160                __vector_18
                0x00000160                __vector_20
                0x00000164                . = ALIGN (0x2)
 *(.text.*)
 .text.SetupHardware
                0x00000164       0x3a CentralController.o
                0x00000164                SetupHardware
 .text.EVENT_USB_Device_Connect
                0x0000019e        0xa CentralController.o
                0x0000019e                EVENT_USB_Device_Connect
 .text.EVENT_USB_Device_Disconnect
                0x000001a8        0xa CentralController.o
                0x000001a8                EVENT_USB_Device_Disconnect
 .text.EVENT_USB_Device_ConfigurationChanged
                0x000001b2       0x1c CentralController.o
                0x000001b2                EVENT_USB_Device_ConfigurationChanged
 .text.EVENT_USB_Device_ControlRequest
                0x000001ce        0xa CentralController.o
                0x000001ce                EVENT_USB_Device_ControlRequest
 .text.EVENT_CDC_Device_LineEncodingChanged
                0x000001d8        0x2 CentralController.o
                0x000001d8                EVENT_CDC_Device_LineEncodingChanged
 .text.processAndSendtoWireless
                0x000001da      0x1e0 CentralController.o
                0x000001da                processAndSendtoWireless
 .text.main     0x000003ba       0xbe CentralController.o
                0x000003ba                main
 .text.CALLBACK_USB_GetDescriptor
                0x00000478       0x7a Descriptors.o
                0x00000478                CALLBACK_USB_GetDescriptor
 .text.CDC_Device_ConfigureEndpoints
                0x000004f2       0x4a LUFA/Drivers/USB/Class/Device/CDCClassDevice.o
                0x000004f2                CDC_Device_ConfigureEndpoints
 .text.CDC_Device_Flush
                0x0000053c       0x5e LUFA/Drivers/USB/Class/Device/CDCClassDevice.o
                0x0000053c                CDC_Device_Flush
 .text.CDC_Device_USBTask
                0x0000059a       0x2e LUFA/Drivers/USB/Class/Device/CDCClassDevice.o
                0x0000059a                CDC_Device_USBTask
 .text.CDC_Device_ReceiveByte
                0x000005c8       0x6e LUFA/Drivers/USB/Class/Device/CDCClassDevice.o
                0x000005c8                CDC_Device_ReceiveByte
 .text.CDC_Device_Event_Stub
                0x00000636        0x2 LUFA/Drivers/USB/Class/Device/CDCClassDevice.o
                0x00000636                EVENT_CDC_Device_BreakSent
                0x00000636                CDC_Device_Event_Stub
                0x00000636                EVENT_CDC_Device_ControLineStateChanged
 .text.CDC_Device_ProcessControlRequest
                0x00000638      0x14c LUFA/Drivers/USB/Class/Device/CDCClassDevice.o
                0x00000638                CDC_Device_ProcessControlRequest
 .text.Endpoint_Write_Control_Stream_LE
                0x00000784      0x12c LUFA/Drivers/USB/Core/AVR8/EndpointStream_AVR8.o
                0x00000784                Endpoint_Write_Control_Stream_LE
 .text.Endpoint_Write_Control_PStream_LE
                0x000008b0      0x124 LUFA/Drivers/USB/Core/AVR8/EndpointStream_AVR8.o
                0x000008b0                Endpoint_Write_Control_PStream_LE
 .text.Endpoint_Write_Control_EStream_LE
                0x000009d4      0x15a LUFA/Drivers/USB/Core/AVR8/EndpointStream_AVR8.o
                0x000009d4                Endpoint_Write_Control_EStream_LE
 .text.Endpoint_ConfigureEndpoint_Prv
                0x00000b2e       0xc8 LUFA/Drivers/USB/Core/AVR8/Endpoint_AVR8.o
                0x00000b2e                Endpoint_ConfigureEndpoint_Prv
 .text.Endpoint_ConfigureEndpointTable
                0x00000bf6       0xbc LUFA/Drivers/USB/Core/AVR8/Endpoint_AVR8.o
                0x00000bf6                Endpoint_ConfigureEndpointTable
 .text.Endpoint_ClearStatusStage
                0x00000cb2       0x48 LUFA/Drivers/USB/Core/AVR8/Endpoint_AVR8.o
                0x00000cb2                Endpoint_ClearStatusStage
 .text.Endpoint_WaitUntilReady
                0x00000cfa       0x84 LUFA/Drivers/USB/Core/AVR8/Endpoint_AVR8.o
                0x00000cfa                Endpoint_WaitUntilReady
 .text.USB_ResetInterface
                0x00000d7e       0xfc LUFA/Drivers/USB/Core/AVR8/USBController_AVR8.o
                0x00000d7e                USB_ResetInterface
 .text.USB_Init
                0x00000e7a       0x32 LUFA/Drivers/USB/Core/AVR8/USBController_AVR8.o
                0x00000e7a                USB_Init
 .text.USB_INT_DisableAllInterrupts
                0x00000eac        0x6 LUFA/Drivers/USB/Core/AVR8/USBInterrupt_AVR8.o
                0x00000eac                USB_INT_DisableAllInterrupts
 .text.USB_INT_ClearAllInterrupts
                0x00000eb2        0x6 LUFA/Drivers/USB/Core/AVR8/USBInterrupt_AVR8.o
                0x00000eb2                USB_INT_ClearAllInterrupts
 .text.__vector_11
                0x00000eb8      0x17a LUFA/Drivers/USB/Core/AVR8/USBInterrupt_AVR8.o
                0x00000eb8                __vector_11
 .text.USB_Device_ProcessControlRequest
                0x00001032      0x352 LUFA/Drivers/USB/Core/DeviceStandardReq.o
                0x00001032                USB_Device_ProcessControlRequest
 .text.USB_Event_Stub
                0x00001384        0x2 LUFA/Drivers/USB/Core/Events.o
                0x00001384                USB_Event_Stub
                0x00001384                EVENT_USB_Device_Suspend
                0x00001384                EVENT_USB_Device_StartOfFrame
                0x00001384                EVENT_USB_Device_Reset
                0x00001384                EVENT_USB_Device_WakeUp
 .text.USB_USBTask
                0x00001386       0x38 LUFA/Drivers/USB/Core/USBTask.o
                0x00001386                USB_USBTask
 .text.nrf24l01_readregister
                0x000013be       0x12 Wireless/nrf24l01.o
                0x000013be                nrf24l01_readregister
 .text.nrf24l01_writeregister
                0x000013d0       0x1a Wireless/nrf24l01.o
                0x000013d0                nrf24l01_writeregister
 .text.nrf24l01_writeregisters
                0x000013ea       0x3e Wireless/nrf24l01.o
                0x000013ea                nrf24l01_writeregisters
 .text.nrf24l01_revaddress
                0x00001428       0x22 Wireless/nrf24l01.o
                0x00001428                nrf24l01_revaddress
 .text.nrf24l01_setrxaddr
                0x0000144a       0x4e Wireless/nrf24l01.o
                0x0000144a                nrf24l01_setrxaddr
 .text.nrf24l01_settxaddr
                0x00001498       0x54 Wireless/nrf24l01.o
                0x00001498                nrf24l01_settxaddr
 .text.nrf24l01_flushRXfifo
                0x000014ec        0xc Wireless/nrf24l01.o
                0x000014ec                nrf24l01_flushRXfifo
 .text.nrf24l01_flushTXfifo
                0x000014f8        0xc Wireless/nrf24l01.o
                0x000014f8                nrf24l01_flushTXfifo
 .text.nrf24l01_setRX
                0x00001504       0x4a Wireless/nrf24l01.o
                0x00001504                nrf24l01_setRX
 .text.nrf24l01_setTX
                0x0000154e       0x3c Wireless/nrf24l01.o
                0x0000154e                nrf24l01_setTX
 .text.nrf24l01_getstatus
                0x0000158a        0xc Wireless/nrf24l01.o
                0x0000158a                nrf24l01_getstatus
 .text.nrf24l01_write
                0x00001596       0x62 Wireless/nrf24l01.o
                0x00001596                nrf24l01_write
 .text.nrf24l01_setpalevel
                0x000015f8       0x12 Wireless/nrf24l01.o
                0x000015f8                nrf24l01_setpalevel
 .text.nrf24l01_setdatarate
                0x0000160a       0x14 Wireless/nrf24l01.o
                0x0000160a                nrf24l01_setdatarate
 .text.nrf24l01_setcrclength
                0x0000161e       0x12 Wireless/nrf24l01.o
                0x0000161e                nrf24l01_setcrclength
 .text.nrf24l01_init
                0x00001630       0xd4 Wireless/nrf24l01.o
                0x00001630                nrf24l01_init
 .text.spi_init
                0x00001704       0x16 Wireless/spi.o
                0x00001704                spi_init
 .text.spi_writereadbyte
                0x0000171a        0xc Wireless/spi.o
                0x0000171a                spi_writereadbyte
 .text.libgcc   0x00001726        0xc c:/program files (x86)/atmel/atmel toolchain/avr8 gcc/native/3.4.1061/avr8-gnu-toolchain/bin/../lib/gcc/avr/4.8.1/avr35\libgcc.a(_tablejump.o)
                0x00001726                __tablejump2__
                0x0000172a                __tablejump__
 .text.avr-libc
                0x00001732       0x10 c:/program files (x86)/atmel/atmel toolchain/avr8 gcc/native/3.4.1061/avr8-gnu-toolchain/bin/../lib/gcc/avr/4.8.1/../../../../avr/lib/avr35\libc.a(eerd_byte_at90usb162.o)
                0x00001732                __eerd_byte_usb162
                0x00001742                . = ALIGN (0x2)
 *(.fini9)
 .fini9         0x00001742        0x0 c:/program files (x86)/atmel/atmel toolchain/avr8 gcc/native/3.4.1061/avr8-gnu-toolchain/bin/../lib/gcc/avr/4.8.1/avr35\libgcc.a(_exit.o)
                0x00001742                _exit
                0x00001742                exit
 *(.fini9)
 *(.fini8)
 *(.fini8)
 *(.fini7)
 *(.fini7)
 *(.fini6)
 *(.fini6)
 *(.fini5)
 *(.fini5)
 *(.fini4)
 *(.fini4)
 *(.fini3)
 *(.fini3)
 *(.fini2)
 *(.fini2)
 *(.fini1)
 *(.fini1)
 *(.fini0)
 .fini0         0x00001742        0x4 c:/program files (x86)/atmel/atmel toolchain/avr8 gcc/native/3.4.1061/avr8-gnu-toolchain/bin/../lib/gcc/avr/4.8.1/avr35\libgcc.a(_exit.o)
 *(.fini0)
                0x00001746                _etext = .

.data           0x00800100       0x2c load address 0x00001746
                0x00800100                PROVIDE (__data_start, .)
 *(.data)
 *(.data*)
 .data.VirtualSerial_CDC_Interface
                0x00800100       0x1b CentralController.o
                0x00800100                VirtualSerial_CDC_Interface
 .data.USB_Device_ControlEndpointSize
                0x0080011b        0x1 LUFA/Drivers/USB/Core/AVR8/Endpoint_AVR8.o
                0x0080011b                USB_Device_ControlEndpointSize
 .data.nrf24l01_addrtx
                0x0080011c        0x5 Wireless/nrf24l01.o
 .data.nrf24l01_addr0
                0x00800121        0x5 Wireless/nrf24l01.o
 *(.rodata)
 .rodata        0x00800126        0x5 CentralController.o
 *(.rodata*)
 *(.gnu.linkonce.d*)
                0x0080012c                . = ALIGN (0x2)
 *fill*         0x0080012b        0x1 
                0x0080012c                _edata = .
                0x0080012c                PROVIDE (__data_end, .)

.bss            0x0080012c       0x1d
                0x0080012c                PROVIDE (__bss_start, .)
 *(.bss)
 *(.bss*)
 .bss.USBtoWireless_Buffer_Data
                0x0080012c        0x3 CentralController.o
 .bss.USBtoWireless_Buffer
                0x0080012f        0xc CentralController.o
 *(COMMON)
 COMMON         0x0080013b        0x1 LUFA/Drivers/USB/Core/AVR8/USBController_AVR8.o
                0x0080013b                USB_Options
 COMMON         0x0080013c        0x3 LUFA/Drivers/USB/Core/DeviceStandardReq.o
                0x0080013c                USB_Device_ConfigurationNumber
                0x0080013d                USB_Device_CurrentlySelfPowered
                0x0080013e                USB_Device_RemoteWakeupEnabled
 COMMON         0x0080013f        0xa LUFA/Drivers/USB/Core/USBTask.o
                0x0080013f                USB_IsInitialized
                0x00800140                USB_DeviceState
                0x00800141                USB_ControlRequest
                0x00800149                PROVIDE (__bss_end, .)
                0x00001746                __data_load_start = LOADADDR (.data)
                0x00001772                __data_load_end = (__data_load_start + SIZEOF (.data))

.noinit         0x00800149        0x0
                0x00800149                PROVIDE (__noinit_start, .)
 *(.noinit*)
                0x00800149                PROVIDE (__noinit_end, .)
                0x00800149                _end = .
                0x00800149                PROVIDE (__heap_start, .)

.eeprom         0x00810000        0x0
 *(.eeprom*)
                0x00810000                __eeprom_end = .

.fuse
 *(.fuse)
 *(.lfuse)
 *(.hfuse)
 *(.efuse)

.lock
 *(.lock*)

.signature
 *(.signature*)

.user_signatures
 *(.user_signatures*)

.stab
 *(.stab)

.stabstr
 *(.stabstr)

.stab.excl
 *(.stab.excl)

.stab.exclstr
 *(.stab.exclstr)

.stab.index
 *(.stab.index)

.stab.indexstr
 *(.stab.indexstr)

.comment        0x00000000       0x30
 *(.comment)
 .comment       0x00000000       0x30 CentralController.o
                                 0x31 (size before relaxing)
 .comment       0x00000000       0x31 Descriptors.o
 .comment       0x00000000       0x31 LUFA/Drivers/USB/Class/Device/CDCClassDevice.o
 .comment       0x00000000       0x31 LUFA/Drivers/USB/Core/AVR8/EndpointStream_AVR8.o
 .comment       0x00000000       0x31 LUFA/Drivers/USB/Core/AVR8/Endpoint_AVR8.o
 .comment       0x00000000       0x31 LUFA/Drivers/USB/Core/AVR8/USBController_AVR8.o
 .comment       0x00000000       0x31 LUFA/Drivers/USB/Core/AVR8/USBInterrupt_AVR8.o
 .comment       0x00000000       0x31 LUFA/Drivers/USB/Core/DeviceStandardReq.o
 .comment       0x00000000       0x31 LUFA/Drivers/USB/Core/Events.o
 .comment       0x00000000       0x31 LUFA/Drivers/USB/Core/USBTask.o
 .comment       0x00000000       0x31 Wireless/nrf24l01.o
 .comment       0x00000000       0x31 Wireless/spi.o

.note.gnu.build-id
 *(.note.gnu.build-id)

.debug
 *(.debug)

.line
 *(.line)

.debug_srcinfo
 *(.debug_srcinfo)

.debug_sfnames
 *(.debug_sfnames)

.debug_aranges  0x00000000      0x3c8
 *(.debug_aranges)
 .debug_aranges
                0x00000000       0x58 CentralController.o
 .debug_aranges
                0x00000058       0x20 Descriptors.o
 .debug_aranges
                0x00000078       0x98 LUFA/Drivers/USB/Class/Device/CDCClassDevice.o
 .debug_aranges
                0x00000110       0xc8 LUFA/Drivers/USB/Core/AVR8/EndpointStream_AVR8.o
 .debug_aranges
                0x000001d8       0x40 LUFA/Drivers/USB/Core/AVR8/Endpoint_AVR8.o
 .debug_aranges
                0x00000218       0x30 LUFA/Drivers/USB/Core/AVR8/USBController_AVR8.o
 .debug_aranges
                0x00000248       0x30 LUFA/Drivers/USB/Core/AVR8/USBInterrupt_AVR8.o
 .debug_aranges
                0x00000278       0x20 LUFA/Drivers/USB/Core/DeviceStandardReq.o
 .debug_aranges
                0x00000298       0x20 LUFA/Drivers/USB/Core/Events.o
 .debug_aranges
                0x000002b8       0x20 LUFA/Drivers/USB/Core/USBTask.o
 .debug_aranges
                0x000002d8       0xc8 Wireless/nrf24l01.o
 .debug_aranges
                0x000003a0       0x28 Wireless/spi.o

.debug_pubnames
 *(.debug_pubnames)

.debug_info     0x00000000     0x6ee6
 *(.debug_info .gnu.linkonce.wi.*)
 .debug_info    0x00000000      0xdde CentralController.o
 .debug_info    0x00000dde      0x77c Descriptors.o
 .debug_info    0x0000155a      0xe6c LUFA/Drivers/USB/Class/Device/CDCClassDevice.o
 .debug_info    0x000023c6     0x180e LUFA/Drivers/USB/Core/AVR8/EndpointStream_AVR8.o
 .debug_info    0x00003bd4      0x620 LUFA/Drivers/USB/Core/AVR8/Endpoint_AVR8.o
 .debug_info    0x000041f4      0x771 LUFA/Drivers/USB/Core/AVR8/USBController_AVR8.o
 .debug_info    0x00004965      0x607 LUFA/Drivers/USB/Core/AVR8/USBInterrupt_AVR8.o
 .debug_info    0x00004f6c      0xca8 LUFA/Drivers/USB/Core/DeviceStandardReq.o
 .debug_info    0x00005c14       0x78 LUFA/Drivers/USB/Core/Events.o
 .debug_info    0x00005c8c      0x26b LUFA/Drivers/USB/Core/USBTask.o
 .debug_info    0x00005ef7      0xf43 Wireless/nrf24l01.o
 .debug_info    0x00006e3a       0xac Wireless/spi.o

.debug_abbrev   0x00000000     0x19ab
 *(.debug_abbrev)
 .debug_abbrev  0x00000000      0x3de CentralController.o
 .debug_abbrev  0x000003de      0x136 Descriptors.o
 .debug_abbrev  0x00000514      0x415 LUFA/Drivers/USB/Class/Device/CDCClassDevice.o
 .debug_abbrev  0x00000929      0x226 LUFA/Drivers/USB/Core/AVR8/EndpointStream_AVR8.o
 .debug_abbrev  0x00000b4f      0x231 LUFA/Drivers/USB/Core/AVR8/Endpoint_AVR8.o
 .debug_abbrev  0x00000d80      0x250 LUFA/Drivers/USB/Core/AVR8/USBController_AVR8.o
 .debug_abbrev  0x00000fd0      0x1e6 LUFA/Drivers/USB/Core/AVR8/USBInterrupt_AVR8.o
 .debug_abbrev  0x000011b6      0x2cb LUFA/Drivers/USB/Core/DeviceStandardReq.o
 .debug_abbrev  0x00001481       0x44 LUFA/Drivers/USB/Core/Events.o
 .debug_abbrev  0x000014c5      0x168 LUFA/Drivers/USB/Core/USBTask.o
 .debug_abbrev  0x0000162d      0x306 Wireless/nrf24l01.o
 .debug_abbrev  0x00001933       0x78 Wireless/spi.o

.debug_line     0x00000000     0x30a3
 *(.debug_line .debug_line.* .debug_line_end)
 .debug_line    0x00000000      0x526 CentralController.o
 .debug_line    0x00000526      0x1d6 Descriptors.o
 .debug_line    0x000006fc      0x592 LUFA/Drivers/USB/Class/Device/CDCClassDevice.o
 .debug_line    0x00000c8e      0xf6f LUFA/Drivers/USB/Core/AVR8/EndpointStream_AVR8.o
 .debug_line    0x00001bfd      0x3e0 LUFA/Drivers/USB/Core/AVR8/Endpoint_AVR8.o
 .debug_line    0x00001fdd      0x339 LUFA/Drivers/USB/Core/AVR8/USBController_AVR8.o
 .debug_line    0x00002316      0x36a LUFA/Drivers/USB/Core/AVR8/USBInterrupt_AVR8.o
 .debug_line    0x00002680      0x3f5 LUFA/Drivers/USB/Core/DeviceStandardReq.o
 .debug_line    0x00002a75       0x4e LUFA/Drivers/USB/Core/Events.o
 .debug_line    0x00002ac3      0x17a LUFA/Drivers/USB/Core/USBTask.o
 .debug_line    0x00002c3d      0x39c Wireless/nrf24l01.o
 .debug_line    0x00002fd9       0xca Wireless/spi.o

.debug_frame    0x00000000      0xcf4
 *(.debug_frame)
 .debug_frame   0x00000000       0xa4 CentralController.o
 .debug_frame   0x000000a4       0x24 Descriptors.o
 .debug_frame   0x000000c8      0x168 LUFA/Drivers/USB/Class/Device/CDCClassDevice.o
 .debug_frame   0x00000230      0x5dc LUFA/Drivers/USB/Core/AVR8/EndpointStream_AVR8.o
 .debug_frame   0x0000080c       0xec LUFA/Drivers/USB/Core/AVR8/Endpoint_AVR8.o
 .debug_frame   0x000008f8       0x54 LUFA/Drivers/USB/Core/AVR8/USBController_AVR8.o
 .debug_frame   0x0000094c       0x8c LUFA/Drivers/USB/Core/AVR8/USBInterrupt_AVR8.o
 .debug_frame   0x000009d8       0x40 LUFA/Drivers/USB/Core/DeviceStandardReq.o
 .debug_frame   0x00000a18       0x24 LUFA/Drivers/USB/Core/Events.o
 .debug_frame   0x00000a3c       0x2c LUFA/Drivers/USB/Core/USBTask.o
 .debug_frame   0x00000a68      0x258 Wireless/nrf24l01.o
 .debug_frame   0x00000cc0       0x34 Wireless/spi.o

.debug_str      0x00000000     0x2774
 *(.debug_str)
 .debug_str     0x00000000      0x7bc CentralController.o
                                0x84e (size before relaxing)
 .debug_str     0x000007bc      0x910 Descriptors.o
                                0xb76 (size before relaxing)
 .debug_str     0x000010cc      0x681 LUFA/Drivers/USB/Class/Device/CDCClassDevice.o
                                0xa31 (size before relaxing)
 .debug_str     0x0000174d      0x3e3 LUFA/Drivers/USB/Core/AVR8/EndpointStream_AVR8.o
                                0x8b0 (size before relaxing)
 .debug_str     0x00001b30      0x1bd LUFA/Drivers/USB/Core/AVR8/Endpoint_AVR8.o
                                0x661 (size before relaxing)
 .debug_str     0x00001ced      0x2e1 LUFA/Drivers/USB/Core/AVR8/USBController_AVR8.o
                                0x7f4 (size before relaxing)
 .debug_str     0x00001fce       0xd0 LUFA/Drivers/USB/Core/AVR8/USBInterrupt_AVR8.o
                                0x52e (size before relaxing)
 .debug_str     0x0000209e      0x3dc LUFA/Drivers/USB/Core/DeviceStandardReq.o
                                0xb74 (size before relaxing)
 .debug_str     0x0000247a       0x31 LUFA/Drivers/USB/Core/Events.o
                                0x1c6 (size before relaxing)
 .debug_str     0x000024ab       0x5b LUFA/Drivers/USB/Core/USBTask.o
                                0x3a7 (size before relaxing)
 .debug_str     0x00002506      0x25c Wireless/nrf24l01.o
                                0x46b (size before relaxing)
 .debug_str     0x00002762       0x12 Wireless/spi.o
                                0x1cf (size before relaxing)

.debug_loc      0x00000000     0x4e97
 *(.debug_loc)
 .debug_loc     0x00000000      0x44d CentralController.o
 .debug_loc     0x0000044d      0x226 Descriptors.o
 .debug_loc     0x00000673      0x884 LUFA/Drivers/USB/Class/Device/CDCClassDevice.o
 .debug_loc     0x00000ef7     0x2963 LUFA/Drivers/USB/Core/AVR8/EndpointStream_AVR8.o
 .debug_loc     0x0000385a      0x638 LUFA/Drivers/USB/Core/AVR8/Endpoint_AVR8.o
 .debug_loc     0x00003e92      0x155 LUFA/Drivers/USB/Core/AVR8/USBController_AVR8.o
 .debug_loc     0x00003fe7      0x27e LUFA/Drivers/USB/Core/AVR8/USBInterrupt_AVR8.o
 .debug_loc     0x00004265      0x329 LUFA/Drivers/USB/Core/DeviceStandardReq.o
 .debug_loc     0x0000458e       0x49 LUFA/Drivers/USB/Core/USBTask.o
 .debug_loc     0x000045d7      0x8a1 Wireless/nrf24l01.o
 .debug_loc     0x00004e78       0x1f Wireless/spi.o

.debug_macinfo
 *(.debug_macinfo)

.debug_weaknames
 *(.debug_weaknames)

.debug_funcnames
 *(.debug_funcnames)

.debug_typenames
 *(.debug_typenames)

.debug_varnames
 *(.debug_varnames)

.debug_pubtypes
 *(.debug_pubtypes)

.debug_ranges   0x00000000      0xf48
 *(.debug_ranges)
 .debug_ranges  0x00000000      0x110 CentralController.o
 .debug_ranges  0x00000110       0x10 Descriptors.o
 .debug_ranges  0x00000120       0x88 LUFA/Drivers/USB/Class/Device/CDCClassDevice.o
 .debug_ranges  0x000001a8      0xa50 LUFA/Drivers/USB/Core/AVR8/EndpointStream_AVR8.o
 .debug_ranges  0x00000bf8      0x1c8 LUFA/Drivers/USB/Core/AVR8/Endpoint_AVR8.o
 .debug_ranges  0x00000dc0       0x20 LUFA/Drivers/USB/Core/AVR8/USBController_AVR8.o
 .debug_ranges  0x00000de0       0x20 LUFA/Drivers/USB/Core/AVR8/USBInterrupt_AVR8.o
 .debug_ranges  0x00000e00       0x58 LUFA/Drivers/USB/Core/DeviceStandardReq.o
 .debug_ranges  0x00000e58       0x10 LUFA/Drivers/USB/Core/Events.o
 .debug_ranges  0x00000e68       0x10 LUFA/Drivers/USB/Core/USBTask.o
 .debug_ranges  0x00000e78       0xb8 Wireless/nrf24l01.o
 .debug_ranges  0x00000f30       0x18 Wireless/spi.o

.debug_macro
 *(.debug_macro)
OUTPUT(CentralController.elf elf32-avr)
LOAD linker stubs
